BL51 BANKED LINKER/LOCATER V6.22                                                        07/19/2013  13:42:29  PAGE 1


BL51 BANKED LINKER/LOCATER V6.22, INVOKED BY:
C:\KEIL\C51\BIN\BL51.EXE STARTUP.obj, main.obj TO Test01 RAMSIZE (256)


MEMORY MODEL: SMALL


INPUT MODULES INCLUDED:
  STARTUP.obj (?C_STARTUP)
  main.obj (MAIN)
  C:\KEIL\C51\LIB\C51S.LIB (?C_INIT)
  C:\KEIL\C51\LIB\C51S.LIB (?C?CLDPTR)
  C:\KEIL\C51\LIB\C51S.LIB (?C?IMUL)
  C:\KEIL\C51\LIB\C51S.LIB (?C?UIDIV)
  C:\KEIL\C51\LIB\C51S.LIB (?C?SIDIV)
  C:\KEIL\C51\LIB\C51S.LIB (RAND)


LINK MAP OF MODULE:  Test01 (?C_STARTUP)


            TYPE    BASE      LENGTH    RELOCATION   SEGMENT NAME
            -----------------------------------------------------

            * * * * * * *   D A T A   M E M O R Y   * * * * * * *
            REG     0000H     0008H     ABSOLUTE     "REG BANK 0"
            DATA    0008H     000AH     UNIT         _DATA_GROUP_
            DATA    0012H     0004H     UNIT         ?DT?RAND?RAND
            DATA    0016H     0003H     UNIT         ?DT?MAIN
            IDATA   0019H     0001H     UNIT         ?STACK

            * * * * * * *   C O D E   M E M O R Y   * * * * * * *
            CODE    0000H     0003H     ABSOLUTE     
            CODE    0003H     0003H     ABSOLUTE     
            CODE    0006H     0004H     UNIT         ?C_INITSEG
                    000AH     0001H                  *** GAP ***
            CODE    000BH     0003H     ABSOLUTE     
            CODE    000EH     0165H     UNIT         ?PR?MAIN?MAIN
            CODE    0173H     00B6H     UNIT         ?C?LIB_CODE
            CODE    0229H     008CH     UNIT         ?C_C51STARTUP
            CODE    02B5H     004DH     UNIT         ?PR?RAND?RAND
            CODE    0302H     002AH     UNIT         ?PR?_PUTSTRING?MAIN
            CODE    032CH     0026H     UNIT         ?PR?TIME0?MAIN
            CODE    0352H     0024H     UNIT         ?CO?MAIN
            CODE    0376H     001DH     UNIT         ?PR?_DELAY?MAIN
            CODE    0393H     0008H     UNIT         ?PR?_PUTCHAR?MAIN
            CODE    039BH     0006H     UNIT         ?PR?INTER0?MAIN



OVERLAY MAP OF MODULE:   Test01 (?C_STARTUP)


SEGMENT                          DATA_GROUP 
  +--> CALLED SEGMENT          START    LENGTH
----------------------------------------------
?C_C51STARTUP                  -----    -----
  +--> ?PR?MAIN?MAIN
BL51 BANKED LINKER/LOCATER V6.22                                                      07/19/2013  13:42:29  PAGE 2


  +--> ?C_INITSEG

?PR?MAIN?MAIN                  0008H    0007H
  +--> ?PR?RAND?RAND
  +--> ?CO?MAIN
  +--> ?PR?_PUTSTRING?MAIN
  +--> ?PR?_PUTCHAR?MAIN
  +--> ?PR?_DELAY?MAIN

?PR?_PUTSTRING?MAIN            000FH    0003H
  +--> ?PR?_PUTCHAR?MAIN
  +--> ?PR?_DELAY?MAIN



SYMBOL TABLE OF MODULE:  Test01 (?C_STARTUP)

  VALUE           TYPE          NAME
  ----------------------------------

  -------         MODULE        ?C_STARTUP
  C:0229H         SEGMENT       ?C_C51STARTUP
  I:0019H         SEGMENT       ?STACK
  C:0000H         PUBLIC        ?C_STARTUP
  D:00E0H         SYMBOL        ACC
  D:00F0H         SYMBOL        B
  D:0083H         SYMBOL        DPH
  D:0082H         SYMBOL        DPL
  N:0000H         SYMBOL        IBPSTACK
  N:0100H         SYMBOL        IBPSTACKTOP
  N:0080H         SYMBOL        IDATALEN
  C:022CH         SYMBOL        IDATALOOP
  N:0000H         SYMBOL        PBPSTACK
  N:0100H         SYMBOL        PBPSTACKTOP
  N:0000H         SYMBOL        PDATALEN
  N:0000H         SYMBOL        PDATASTART
  N:0000H         SYMBOL        PPAGE
  N:0000H         SYMBOL        PPAGEENABLE
  D:00A0H         SYMBOL        PPAGE_SFR
  D:0081H         SYMBOL        SP
  C:0229H         SYMBOL        STARTUP1
  N:0000H         SYMBOL        XBPSTACK
  N:0000H         SYMBOL        XBPSTACKTOP
  N:0000H         SYMBOL        XDATALEN
  N:0000H         SYMBOL        XDATASTART
  C:0000H         LINE#         126
  C:0229H         LINE#         133
  C:022BH         LINE#         134
  C:022CH         LINE#         135
  C:022DH         LINE#         136
  C:022FH         LINE#         185
  C:0232H         LINE#         196
  -------         ENDMOD        ?C_STARTUP

  -------         MODULE        MAIN
  C:0000H         SYMBOL        _ICE_DUMMY_
  D:0080H         PUBLIC        P0
BL51 BANKED LINKER/LOCATER V6.22                                                      07/19/2013  13:42:29  PAGE 3


  D:0090H         PUBLIC        P1
  D:00A0H         PUBLIC        P2
  B:00A8H.7       PUBLIC        EA
  B:0090H.0       PUBLIC        P1_0
  C:037DH         PUBLIC        _delay
  B:0090H.1       PUBLIC        P1_1
  D:0016H         PUBLIC        k1
  B:0098H.1       PUBLIC        TI
  C:000EH         PUBLIC        main
  D:0099H         PUBLIC        SBUF
  D:0087H         PUBLIC        PCON
  D:0098H         PUBLIC        SCON
  D:0089H         PUBLIC        TMOD
  D:0017H         PUBLIC        systemTime
  B:00A8H.1       PUBLIC        ET0
  D:008CH         PUBLIC        TH0
  B:00A8H.0       PUBLIC        EX0
  B:0088H.0       PUBLIC        IT0
  D:008DH         PUBLIC        TH1
  D:008AH         PUBLIC        TL0
  D:008BH         PUBLIC        TL1
  C:039BH         PUBLIC        inter0
  B:0088H.4       PUBLIC        TR0
  B:0088H.6       PUBLIC        TR1
  C:032CH         PUBLIC        time0
  C:0302H         PUBLIC        _putstring
  C:0393H         PUBLIC        _putchar
  -------         PROC          TIME0
  C:032CH         LINE#         7
  C:0330H         LINE#         9
  C:0333H         LINE#         10
  C:0336H         LINE#         12
  C:033EH         LINE#         13
  C:0347H         LINE#         14
  C:034DH         LINE#         15
  -------         ENDPROC       TIME0
  -------         PROC          INTER0
  C:039BH         LINE#         17
  C:039BH         LINE#         18
  C:039EH         LINE#         19
  C:03A0H         LINE#         20
  -------         ENDPROC       INTER0
  -------         PROC          L?0041
  -------         ENDPROC       L?0041
  -------         PROC          _DELAY
  D:0006H         SYMBOL        x
  -------         DO            
  D:0005H         SYMBOL        i
  -------         ENDDO         
  C:037DH         LINE#         22
  C:037DH         LINE#         23
  C:037DH         LINE#         25
  C:0387H         LINE#         26
  C:0387H         LINE#         27
  C:0392H         LINE#         28
  C:0392H         LINE#         29
  -------         ENDPROC       _DELAY
BL51 BANKED LINKER/LOCATER V6.22                                                      07/19/2013  13:42:29  PAGE 4


  -------         PROC          _PUTCHAR
  D:0007H         SYMBOL        data1
  C:0393H         LINE#         31
  C:0393H         LINE#         32
  C:0393H         LINE#         33
  C:0395H         LINE#         34
  C:0398H         LINE#         35
  C:039AH         LINE#         36
  -------         ENDPROC       _PUTCHAR
  -------         PROC          _PUTSTRING
  D:000FH         SYMBOL        dat
  C:0302H         LINE#         38
  C:0308H         LINE#         39
  C:0308H         LINE#         40
  C:0314H         LINE#         41
  C:0314H         LINE#         42
  C:0317H         LINE#         43
  C:0322H         LINE#         44
  C:0329H         LINE#         45
  C:032BH         LINE#         46
  -------         ENDPROC       _PUTSTRING
  -------         PROC          MAIN
  -------         DO            
  D:0008H         SYMBOL        k
  D:0082H         SYMBOL        i
  D:0006H         SYMBOL        j
  D:0009H         SYMBOL        x
  D:000AH         SYMBOL        ran_num
  D:000CH         SYMBOL        ran2
  D:000EH         SYMBOL        ran3
  -------         ENDDO         
  C:000EH         LINE#         49
  C:000EH         LINE#         50
  C:000EH         LINE#         58
  C:0011H         LINE#         59
  C:0013H         LINE#         60
  C:0015H         LINE#         61
  C:0018H         LINE#         62
  C:001BH         LINE#         63
  C:001DH         LINE#         64
  C:0020H         LINE#         65
  C:0023H         LINE#         66
  C:0025H         LINE#         67
  C:0027H         LINE#         69
  C:0029H         LINE#         70
  C:002CH         LINE#         71
  C:002EH         LINE#         72
  C:0030H         LINE#         73
  C:0032H         LINE#         74
  C:0034H         LINE#         75
  C:0036H         LINE#         76
  C:0036H         LINE#         77
  C:003AH         LINE#         78
  C:0049H         LINE#         79
  C:004CH         LINE#         80
  C:0056H         LINE#         81
  C:0064H         LINE#         82
BL51 BANKED LINKER/LOCATER V6.22                                                      07/19/2013  13:42:29  PAGE 5


  C:006DH         LINE#         83
  C:0075H         LINE#         85
  C:008CH         LINE#         86
  C:0099H         LINE#         87
  C:009BH         LINE#         88
  C:00A2H         LINE#         89
  C:00A6H         LINE#         90
  C:00B3H         LINE#         91
  C:00C1H         LINE#         92
  C:00CAH         LINE#         93
  C:00CFH         LINE#         95
  C:00DFH         LINE#         96
  C:00E1H         LINE#         97
  C:00EFH         LINE#         98
  C:00F2H         LINE#         100
  C:00FBH         LINE#         101
  C:0115H         LINE#         102
  C:0122H         LINE#         103
  C:0124H         LINE#         104
  C:012BH         LINE#         105
  C:012FH         LINE#         106
  C:013DH         LINE#         108
  C:0149H         LINE#         110
  C:0152H         LINE#         111
  C:0157H         LINE#         112
  C:0159H         LINE#         113
  C:0165H         LINE#         114
  C:016EH         LINE#         116
  -------         ENDPROC       MAIN
  -------         ENDMOD        MAIN

  -------         MODULE        ?C?CLDPTR
  C:0173H         PUBLIC        ?C?CLDPTR
  -------         ENDMOD        ?C?CLDPTR

  -------         MODULE        ?C?IMUL
  C:018CH         PUBLIC        ?C?IMUL
  -------         ENDMOD        ?C?IMUL

  -------         MODULE        ?C?UIDIV
  C:019EH         PUBLIC        ?C?UIDIV
  -------         ENDMOD        ?C?UIDIV

  -------         MODULE        ?C?SIDIV
  C:01F3H         PUBLIC        ?C?SIDIV
  -------         ENDMOD        ?C?SIDIV

  -------         MODULE        RAND
  D:0012H         PUBLIC        ?SRAND?BYTE
  C:02B5H         PUBLIC        RAND
  C:02F7H         PUBLIC        _SRAND
  -------         ENDMOD        RAND

Program Size: data=26.0 xdata=0 code=928
LINK/LOCATE RUN COMPLETE.  0 WARNING(S),  0 ERROR(S)
